// Jest Snapshot v1, https://goo.gl/fbAQLP

exports[`LPNDateTableRow Component LPNDateTableRow snapshot 1`] = `
<Context.Provider
  value={
    Object {
      "getServerState": undefined,
      "store": Object {
        "@@observable": [Function],
        "dispatch": [Function],
        "getState": [Function],
        "replaceReducer": [Function],
        "subscribe": [Function],
      },
      "subscription": Object {
        "addNestedSub": [Function],
        "getListeners": [Function],
        "handleChangeWrapper": [Function],
        "isSubscribed": [Function],
        "notifyNestedSubs": [Function],
        "trySubscribe": [Function],
        "tryUnsubscribe": [Function],
      },
    }
  }
>
  <LocalizationProvider
    dateAdapter={[Function]}
  >
    <LPNDateTableRow
      index={0}
      onRowSave={[MockFunction]}
      onRowSaveFailed={[MockFunction]}
      onRowUpdate={[MockFunction]}
      onRowValidation={[MockFunction]}
      row={
        Object {
          "consumptionPriorityDate": "2022-06-17T",
          "dateCode": "E",
          "expirationDate": "2022-05-13T",
          "id": "0",
          "ilpnId": "2222X",
          "itemDescription": "243 SA",
          "itemId": "532432",
          "locationId": "06203A",
          "lpnQuantityInCases": 13,
          "lpnStatus": "Not Allocated",
          "manufacturedDate": "2021-06-17T",
          "mfgDateDiff": 8,
          "reason": "EXP DATE ITEM MISSING EXPDATE",
          "trackExpiryDate": 1,
          "trackManufacturingDate": 1,
        }
      }
      saveAllCounter={0}
      setIsPageUpdated={[MockFunction]}
      unsavedRowsRef={Object {}}
    />
  </LocalizationProvider>
</Context.Provider>
`;
